// Jest Snapshot v1, https://goo.gl/fbAQLP

exports[`[AddOpportunity] AddOpportunity should renders correctly 1`] = `
<div
  className="sliding-panel-container fixed-header-footer"
>
  <div
    className="sliding-panel"
  >
    <div
      className="title-row opp-header-text"
    >
      <button
        className="mob-steps-back"
        onClick={[Function]}
        type="button"
      >
        <img
          alt="Back"
          src="chevron-left-black.svg"
        />
      </button>
      Add New Opportunity
      <button
        className="panel-close-icon link-anchor-button"
        onClick={[Function]}
        type="button"
      >
        <img
          alt="Close"
          src="close.svg"
        />
      </button>
    </div>
    <div
      className="all-opportunity-steps-container"
    >
      <div
        className="opportunity-step-circles"
      >
        <ul
          className="list-inline step-circles"
        >
          <li
            className="list-inline-item circle-stepone steps active"
          >
            <span
              className="num"
            >
              1
            </span>
          </li>
          <li
            className="list-inline-item circle-steptwo steps"
            onClick={[Function]}
            role="presentation"
          >
            <span
              className="num"
            >
              2
            </span>
          </li>
          <li
            className="list-inline-item circle-stepthree steps"
            onClick={[Function]}
            role="presentation"
          >
            <span
              className="num"
            >
              3
            </span>
          </li>
        </ul>
      </div>
      <div
        className="opportunity-forms form-top"
      >
        <p
          className="stepone-title"
        >
          Opportunity Name & Type
        </p>
        <p>
          Sorry, we are not able to load form at the moment. Please try later.
        </p>
      </div>
      <div
        className="step-nextbtn-with-arrow stepsone-nxtbtn"
      >
        <button
          className="stepone-next-btn inactive"
          disabled={true}
          onClick={[Function]}
          type="button"
        >
          NEXT
          <span
            className="right-whit-arrow"
          >
            <img
              alt="Next Arrow"
              src="chevron-right-white.svg"
            />
          </span>
        </button>
      </div>
    </div>
  </div>
</div>
`;
