// Jest Snapshot v1, https://goo.gl/fbAQLP

exports[`[Shared] customNoRowsOverlay should renders correctly 1`] = `
<div>
  <i
    className="far fa-frown"
  >
     
  </i>
</div>
`;
