// Jest Snapshot v1, https://goo.gl/fbAQLP

exports[`[Opportunity] OpportunityCard should renders correctly 1`] = `
<section
  className="mobile-cardview-list"
/>
`;
