// Jest Snapshot v1, https://goo.gl/fbAQLP

exports[`[Opportunity] Opportunities should renders correctly 1`] = `
<div>
  <nav
    className="site-navbar navbar navbar-default bg-black"
    role="navigation"
  >
    <div
      className="navbar-container container-fluid"
    >
      <div
        className="navbar-header"
      >
        <div
          className="navbar-brand navbar-brand-center navbar-sec-logo"
        >
          <img
            alt="..."
            className="navbar-brand-logo"
            src="iptor_icon.svg"
            title="iptor"
          />
        </div>
        <div
          className="navbar-brand navbar-brand-center navbar-sec-flag"
        >
          <span
            className="navbar-brand-text hidden-xs-down"
          >
             
            
          </span>
        </div>
      </div>
      <ul
        className="nav navbar-toolbar navbar-right navbar-toolbar-right"
      >
        <li
          className="nav-item"
        >
          <a
            aria-expanded="false"
            className="nav-link navbar-avatar"
            data-animation="scale-up"
            href="/"
            onClick={[Function]}
            role="button"
          >
            <span
              className="avatar avatar-online"
            >
              <img
                alt="..."
                src="dashboard_icon.svg"
              />
              <i>
                Dashboard
              </i>
            </span>
          </a>
        </li>
        <li
          className="nav-item active"
        >
          <a
            aria-expanded="false"
            className="nav-link navbar-avatar"
            data-animation="scale-up"
            href="/opportunities"
            onClick={[Function]}
            role="button"
          >
            <span
              className="avatar avatar-online"
            >
              <img
                alt="..."
                src="nav-oppty-active-icon.svg"
              />
              <i>
                Opportunities
              </i>
            </span>
          </a>
        </li>
        <li
          className="nav-item"
        >
          <a
            aria-expanded="false"
            className="nav-link navbar-avatar"
            data-animation="scale-up"
            href="/customers"
            role="button"
          >
            <span
              className="avatar avatar-online"
            >
              <img
                alt="..."
                src="nav-customers-icon.svg"
              />
              <i>
                Customers
              </i>
            </span>
          </a>
        </li>
        <li
          className="nav-item"
        >
          <a
            aria-expanded="false"
            className="nav-link navbar-avatar"
            data-animation="scale-up"
            href="/reports"
            role="button"
          >
            <span
              className="avatar avatar-online"
            >
              <img
                alt="..."
                src="nav-report-icon.svg"
              />
              <i>
                Reports
              </i>
            </span>
          </a>
        </li>
        <li
          className="nav-item"
        >
          <a
            aria-expanded="false"
            className="nav-link navbar-avatar header-notification"
            data-animation="scale-up"
            href="/notifications"
            role="button"
          >
            <span
              className="avatar avatar-online"
            >
              <img
                alt="..."
                src="nav-notifications-icon.svg"
              />
              <i>
                Notifications
              </i>
            </span>
          </a>
        </li>
      </ul>
      <ul
        className="nav navbar-toolbar"
      >
        <button
          className="logout"
          onClick={[Function]}
          type="button"
        >
          
        </button>
      </ul>
    </div>
  </nav>
  <section
    className="opportunities"
  >
    <div
      className="container-fluid"
    >
      <div
        className="row s-header"
      >
        <div
          className="col col-md-4"
        >
          <div
            className="page-title"
          >
            Showing results for "undefined"
          </div>
          <button
            className="link-anchor-button"
            onClick={[Function]}
            type="button"
          >
            <img
              alt="Cross Icon"
              className="btn-icon clear-icon"
              src="close_red.svg"
            />
          </button>
        </div>
        <div
          className="col col-md-4"
        >
          <div
            className="navbar-search-overlap"
          >
            <div
              className="form-group"
            >
              <div
                className="input-search"
              >
                <i
                  aria-hidden="true"
                  className="input-search-icon wb-search"
                />
                <input
                  className="form-control sitesearch"
                  onChange={[Function]}
                  onKeyPress={[Function]}
                  placeholder="Search"
                  type="text"
                  value=""
                />
              </div>
            </div>
          </div>
        </div>
        <div
          className="col col-md-4 justify-content-end"
        >
          <button
            aria-label="New"
            className="btn add-opportunity"
            onClick={[Function]}
            type="button"
          >
            + NEW
          </button>
        </div>
      </div>
      <div
        className="row s-header filterrow"
      >
        <div
          className="mobFilterRow"
        >
          <div>
            <div
              className="tabs-btn-row"
            >
              <div
                className=" toggle-btn-group"
              >
                <button
                  className="my-btn app-btn switch-txt-btn"
                  onClick={[Function]}
                  type="button"
                >
                  MY
                </button>
                <button
                  className="app-btn switch-txt-btn active"
                  onClick={[Function]}
                  type="button"
                >
                  ALL
                </button>
              </div>
              <img
                className=""
                onClick={[Function]}
                src="add-icon.svg"
              />
            </div>
            <div
              className="col-12 add-btn"
            />
          </div>
        </div>
      </div>
    </div>
  </section>
  <footer
    style={
      Object {
        "position": "fixed",
      }
    }
  >
    <p>
      <img
        alt="Iptor"
        src="iptor-logo-orange.svg"
        title="Iptor"
      />
       Â© All Content Copyright 2021
       
    </p>
  </footer>
</div>
`;
