// Jest Snapshot v1, https://goo.gl/fbAQLP

exports[`[EditOpportunity] EditItem should renders correctly 1`] = `null`;
