// Jest Snapshot v1, https://goo.gl/fbAQLP

exports[`[EditOpportunity] EditAttributes should renders correctly 1`] = `null`;
