// Jest Snapshot v1, https://goo.gl/fbAQLP

exports[`[Customer] BusinessPartnerCard should renders correctly 1`] = `
Array [
  <div
    className="d-flex justify-content-between title-row"
  >
    <div>
      <span
        className="customer-card-text"
      >
        3rd generation
      </span>
      <p
        className="area-text"
      >
        a
      </p>
    </div>
  </div>,
  <div
    className="d-flex justify-content-between owner-row"
  >
    <div
      className="lft-col p-0"
    >
      Owner 
      <span
        className="customer-card-text"
      >
        --
      </span>
    </div>
    <div
      className="rgt-col"
    >
      Industry 
      <span
        className="customer-card-text"
      >
        qui
      </span>
    </div>
  </div>,
  <div
    className="d-flex justify-content-between location-row"
  >
    <div
      className="lft-col p-0"
    >
      <span
        className="display-inline"
      >
         Active Opp - 
      </span>
       
      <span
        className="customer-card-text display-inline"
      >
        0
      </span>
    </div>
  </div>,
]
`;
